// Jest Snapshot v1, https://goo.gl/fbAQLP

exports[`renderNode produces heading element. 1`] = `ShallowWrapper {}`;

exports[`renderNode produces picture element that matches a snapshot. 1`] = `ShallowWrapper {}`;

exports[`renderNode produces quote element that matches a snapshot for readOnly prop. 1`] = `ShallowWrapper {}`;

exports[`renderNode produces quote element that matches a snapshot for readOnly===false prop. 1`] = `ShallowWrapper {}`;
