// Jest Snapshot v1, https://goo.gl/fbAQLP

exports[`Snapshot 1`] = `
ShallowWrapper {
  Symbol(enzyme.__root__): [Circular],
  Symbol(enzyme.__unrendered__): <_default
    value={
      Immutable.Record {
        "data": Immutable.Map {},
        "decorations": null,
        "document": Immutable.Record {
          "data": Immutable.Map {},
          "key": "1",
          "nodes": Immutable.List [
            Immutable.Record {
              "data": Immutable.Map {},
              "isVoid": false,
              "key": "2",
              "nodes": Immutable.List [
                Immutable.Record {
                  "leaves": Immutable.List [
                    Immutable.Record {
                      "marks": Immutable.Set [],
                      "text": "",
                    },
                  ],
                  "key": "3",
                },
              ],
              "type": "paragraph",
            },
          ],
        },
        "history": Immutable.Record {
          "redos": Immutable.Stack [],
          "undos": Immutable.Stack [],
        },
        "schema": Immutable.Record {
          "stack": Immutable.Record {
            "plugins": Array [
              Object {
                "validateNode": [Function],
              },
              Object {
                "validateNode": [Function],
              },
              Object {
                "validateNode": [Function],
              },
              Object {
                "validateNode": [Function],
              },
              Object {
                "validateNode": [Function],
              },
              Object {
                "validateNode": [Function],
              },
              Object {
                "validateNode": [Function],
              },
              Object {
                "validateNode": [Function],
              },
              Object {
                "schema": Object {},
              },
            ],
          },
          "document": Object {
            "data": Object {},
            "nodes": null,
          },
          "blocks": Object {},
          "inlines": Object {},
        },
        "selection": Immutable.Record {
          "anchorKey": "3",
          "anchorOffset": 0,
          "anchorPath": Immutable.List [
            0,
            0,
          ],
          "focusKey": "3",
          "focusOffset": 0,
          "focusPath": Immutable.List [
            0,
            0,
          ],
          "isAtomic": false,
          "isBackward": false,
          "isFocused": false,
          "marks": null,
        },
      }
    }
  />,
  Symbol(enzyme.__renderer__): Object {
    "batchedUpdates": [Function],
    "checkPropTypes": [Function],
    "getNode": [Function],
    "render": [Function],
    "simulateError": [Function],
    "simulateEvent": [Function],
    "unmount": [Function],
  },
  Symbol(enzyme.__node__): Object {
    "instance": null,
    "key": undefined,
    "nodeType": "function",
    "props": Object {
      "children": <ForwardRef(styled.div)>
        <div
          style={
            Object {
              "display": "flex",
            }
          }
        >
          <ForwardRef(styled.button)
            left={true}
            onMouseDown={[Function]}
            onMouseUp={[Function]}
            title="Make a heading"
          >
            <Unknown />
          </ForwardRef(styled.button)>
          <ForwardRef(styled.button)
            onMouseDown={[Function]}
            onMouseUp={[Function]}
            title="Make a quote"
          >
            <Unknown />
          </ForwardRef(styled.button)>
          <ForwardRef(styled.button)
            className={null}
            onMouseDown={[Function]}
            onMouseUp={[Function]}
            script={true}
            style={
              Object {
                "borderLeft": "4px solid #2c2c2c",
              }
            }
          >
            <Unknown />
          </ForwardRef(styled.button)>
          <ForwardRef(styled.button)
            className={null}
            onClick={[Function]}
            onMouseDown={[Function]}
            onMouseUp={[Function]}
            script={true}
          >
            <Unknown
              style={
                Object {
                  "fontWeight": "700 !important",
                }
              }
            />
          </ForwardRef(styled.button)>
          <ForwardRef(styled.button)
            className={null}
            onClick={[Function]}
            onMouseDown={[Function]}
            onMouseUp={[Function]}
            right={true}
            script={true}
          >
            <Unknown />
          </ForwardRef(styled.button)>
        </div>
      </ForwardRef(styled.div)>,
      "className": "fpe-menu",
      "innerRef": undefined,
    },
    "ref": null,
    "rendered": Object {
      "instance": null,
      "key": undefined,
      "nodeType": "function",
      "props": Object {
        "children": <div
          style={
            Object {
              "display": "flex",
            }
          }
        >
          <ForwardRef(styled.button)
            left={true}
            onMouseDown={[Function]}
            onMouseUp={[Function]}
            title="Make a heading"
          >
            <Unknown />
          </ForwardRef(styled.button)>
          <ForwardRef(styled.button)
            onMouseDown={[Function]}
            onMouseUp={[Function]}
            title="Make a quote"
          >
            <Unknown />
          </ForwardRef(styled.button)>
          <ForwardRef(styled.button)
            className={null}
            onMouseDown={[Function]}
            onMouseUp={[Function]}
            script={true}
            style={
              Object {
                "borderLeft": "4px solid #2c2c2c",
              }
            }
          >
            <Unknown />
          </ForwardRef(styled.button)>
          <ForwardRef(styled.button)
            className={null}
            onClick={[Function]}
            onMouseDown={[Function]}
            onMouseUp={[Function]}
            script={true}
          >
            <Unknown
              style={
                Object {
                  "fontWeight": "700 !important",
                }
              }
            />
          </ForwardRef(styled.button)>
          <ForwardRef(styled.button)
            className={null}
            onClick={[Function]}
            onMouseDown={[Function]}
            onMouseUp={[Function]}
            right={true}
            script={true}
          >
            <Unknown />
          </ForwardRef(styled.button)>
        </div>,
      },
      "ref": null,
      "rendered": Object {
        "instance": null,
        "key": undefined,
        "nodeType": "host",
        "props": Object {
          "children": Array [
            <ForwardRef(styled.button)
              left={true}
              onMouseDown={[Function]}
              onMouseUp={[Function]}
              title="Make a heading"
            >
              <Unknown />
            </ForwardRef(styled.button)>,
            <ForwardRef(styled.button)
              onMouseDown={[Function]}
              onMouseUp={[Function]}
              title="Make a quote"
            >
              <Unknown />
            </ForwardRef(styled.button)>,
            <ForwardRef(styled.button)
              className={null}
              onMouseDown={[Function]}
              onMouseUp={[Function]}
              script={true}
              style={
                Object {
                  "borderLeft": "4px solid #2c2c2c",
                }
              }
            >
              <Unknown />
            </ForwardRef(styled.button)>,
            <ForwardRef(styled.button)
              className={null}
              onClick={[Function]}
              onMouseDown={[Function]}
              onMouseUp={[Function]}
              script={true}
            >
              <Unknown
                style={
                  Object {
                    "fontWeight": "700 !important",
                  }
                }
              />
            </ForwardRef(styled.button)>,
            <ForwardRef(styled.button)
              className={null}
              onClick={[Function]}
              onMouseDown={[Function]}
              onMouseUp={[Function]}
              right={true}
              script={true}
            >
              <Unknown />
            </ForwardRef(styled.button)>,
          ],
          "style": Object {
            "display": "flex",
          },
        },
        "ref": null,
        "rendered": Array [
          Object {
            "instance": null,
            "key": undefined,
            "nodeType": "function",
            "props": Object {
              "children": <Unknown />,
              "left": true,
              "onMouseDown": [Function],
              "onMouseUp": [Function],
              "title": "Make a heading",
            },
            "ref": null,
            "rendered": Object {
              "instance": null,
              "key": undefined,
              "nodeType": "function",
              "props": Object {},
              "ref": null,
              "rendered": null,
              "type": [Function],
            },
            "type": Object {
              "$$typeof": Symbol(react.forward_ref),
              "attrs": Array [],
              "componentStyle": ComponentStyle {
                "componentId": "sc-htpNat",
                "isStatic": true,
                "rules": Array [
                  "
  width: auto;
  flex-grow: 1;
",
                ],
              },
              "displayName": "styled.button",
              "foldedComponentIds": Array [],
              "render": [Function],
              "styledComponentId": "sc-htpNat",
              "target": "button",
              "toString": [Function],
              "warnTooManyClasses": [Function],
              "withComponent": [Function],
            },
          },
          Object {
            "instance": null,
            "key": undefined,
            "nodeType": "function",
            "props": Object {
              "children": <Unknown />,
              "onMouseDown": [Function],
              "onMouseUp": [Function],
              "title": "Make a quote",
            },
            "ref": null,
            "rendered": Object {
              "instance": null,
              "key": undefined,
              "nodeType": "function",
              "props": Object {},
              "ref": null,
              "rendered": null,
              "type": [Function],
            },
            "type": Object {
              "$$typeof": Symbol(react.forward_ref),
              "attrs": Array [],
              "componentStyle": ComponentStyle {
                "componentId": "sc-htpNat",
                "isStatic": true,
                "rules": Array [
                  "
  width: auto;
  flex-grow: 1;
",
                ],
              },
              "displayName": "styled.button",
              "foldedComponentIds": Array [],
              "render": [Function],
              "styledComponentId": "sc-htpNat",
              "target": "button",
              "toString": [Function],
              "warnTooManyClasses": [Function],
              "withComponent": [Function],
            },
          },
          Object {
            "instance": null,
            "key": undefined,
            "nodeType": "function",
            "props": Object {
              "children": <Unknown />,
              "className": null,
              "onMouseDown": [Function],
              "onMouseUp": [Function],
              "script": true,
              "style": Object {
                "borderLeft": "4px solid #2c2c2c",
              },
            },
            "ref": null,
            "rendered": Object {
              "instance": null,
              "key": undefined,
              "nodeType": "function",
              "props": Object {},
              "ref": null,
              "rendered": null,
              "type": [Function],
            },
            "type": Object {
              "$$typeof": Symbol(react.forward_ref),
              "attrs": Array [],
              "componentStyle": ComponentStyle {
                "componentId": "sc-htpNat",
                "isStatic": true,
                "rules": Array [
                  "
  width: auto;
  flex-grow: 1;
",
                ],
              },
              "displayName": "styled.button",
              "foldedComponentIds": Array [],
              "render": [Function],
              "styledComponentId": "sc-htpNat",
              "target": "button",
              "toString": [Function],
              "warnTooManyClasses": [Function],
              "withComponent": [Function],
            },
          },
          Object {
            "instance": null,
            "key": undefined,
            "nodeType": "function",
            "props": Object {
              "children": <Unknown
                style={
                  Object {
                    "fontWeight": "700 !important",
                  }
                }
              />,
              "className": null,
              "onClick": [Function],
              "onMouseDown": [Function],
              "onMouseUp": [Function],
              "script": true,
            },
            "ref": null,
            "rendered": Object {
              "instance": null,
              "key": undefined,
              "nodeType": "function",
              "props": Object {
                "style": Object {
                  "fontWeight": "700 !important",
                },
              },
              "ref": null,
              "rendered": null,
              "type": [Function],
            },
            "type": Object {
              "$$typeof": Symbol(react.forward_ref),
              "attrs": Array [],
              "componentStyle": ComponentStyle {
                "componentId": "sc-htpNat",
                "isStatic": true,
                "rules": Array [
                  "
  width: auto;
  flex-grow: 1;
",
                ],
              },
              "displayName": "styled.button",
              "foldedComponentIds": Array [],
              "render": [Function],
              "styledComponentId": "sc-htpNat",
              "target": "button",
              "toString": [Function],
              "warnTooManyClasses": [Function],
              "withComponent": [Function],
            },
          },
          Object {
            "instance": null,
            "key": undefined,
            "nodeType": "function",
            "props": Object {
              "children": <Unknown />,
              "className": null,
              "onClick": [Function],
              "onMouseDown": [Function],
              "onMouseUp": [Function],
              "right": true,
              "script": true,
            },
            "ref": null,
            "rendered": Object {
              "instance": null,
              "key": undefined,
              "nodeType": "function",
              "props": Object {},
              "ref": null,
              "rendered": null,
              "type": [Function],
            },
            "type": Object {
              "$$typeof": Symbol(react.forward_ref),
              "attrs": Array [],
              "componentStyle": ComponentStyle {
                "componentId": "sc-htpNat",
                "isStatic": true,
                "rules": Array [
                  "
  width: auto;
  flex-grow: 1;
",
                ],
              },
              "displayName": "styled.button",
              "foldedComponentIds": Array [],
              "render": [Function],
              "styledComponentId": "sc-htpNat",
              "target": "button",
              "toString": [Function],
              "warnTooManyClasses": [Function],
              "withComponent": [Function],
            },
          },
        ],
        "type": "div",
      },
      "type": Object {
        "$$typeof": Symbol(react.forward_ref),
        "attrs": Array [],
        "componentStyle": ComponentStyle {
          "componentId": "sc-bwzfXH",
          "isStatic": true,
          "rules": Array [
            "
  border-radius: 0.25em;
  overflow: hidden;
",
          ],
        },
        "displayName": "styled.div",
        "foldedComponentIds": Array [],
        "render": [Function],
        "styledComponentId": "sc-bwzfXH",
        "target": "div",
        "toString": [Function],
        "warnTooManyClasses": [Function],
        "withComponent": [Function],
      },
    },
    "type": Object {
      "$$typeof": Symbol(react.forward_ref),
      "attrs": Array [],
      "componentStyle": ComponentStyle {
        "componentId": "sc-bdVaJa",
        "isStatic": false,
        "rules": Array [
          "
  display: none;
  position: absolute;
  bottom: initial !important;
  z-index: 11;
  line-height: 1em;

  color: ",
          [Function],
          ";

  button {
    ",
          "
  outline: 0;
  background: ",
          [Function],
          ";
  border: none;
  color: ",
          [Function],
          ";
  font-size: 1em;
  padding: 0.05em 0.5em;
  font-family: inherit;
  cursor: pointer;
  &.active,
  &:active {
    background: ",
          [Function],
          ";
  }
",
          "
  }

  &.touch {
    margin-top: -65px;
    &::after {
      content: \\"\\";
      position: absolute;
      display: block;
      height: 57px;
      margin-left: calc(3.7em - 1px);
      margin-top: 2px;
      border: 1px dashed ",
          [Function],
          ";
      z-index: -1;
    }
  }
",
        ],
      },
      "displayName": "styled.div",
      "foldedComponentIds": Array [],
      "render": [Function],
      "styledComponentId": "sc-bdVaJa",
      "target": "div",
      "toString": [Function],
      "warnTooManyClasses": [Function],
      "withComponent": [Function],
    },
  },
  Symbol(enzyme.__nodes__): Array [
    Object {
      "instance": null,
      "key": undefined,
      "nodeType": "function",
      "props": Object {
        "children": <ForwardRef(styled.div)>
          <div
            style={
              Object {
                "display": "flex",
              }
            }
          >
            <ForwardRef(styled.button)
              left={true}
              onMouseDown={[Function]}
              onMouseUp={[Function]}
              title="Make a heading"
            >
              <Unknown />
            </ForwardRef(styled.button)>
            <ForwardRef(styled.button)
              onMouseDown={[Function]}
              onMouseUp={[Function]}
              title="Make a quote"
            >
              <Unknown />
            </ForwardRef(styled.button)>
            <ForwardRef(styled.button)
              className={null}
              onMouseDown={[Function]}
              onMouseUp={[Function]}
              script={true}
              style={
                Object {
                  "borderLeft": "4px solid #2c2c2c",
                }
              }
            >
              <Unknown />
            </ForwardRef(styled.button)>
            <ForwardRef(styled.button)
              className={null}
              onClick={[Function]}
              onMouseDown={[Function]}
              onMouseUp={[Function]}
              script={true}
            >
              <Unknown
                style={
                  Object {
                    "fontWeight": "700 !important",
                  }
                }
              />
            </ForwardRef(styled.button)>
            <ForwardRef(styled.button)
              className={null}
              onClick={[Function]}
              onMouseDown={[Function]}
              onMouseUp={[Function]}
              right={true}
              script={true}
            >
              <Unknown />
            </ForwardRef(styled.button)>
          </div>
        </ForwardRef(styled.div)>,
        "className": "fpe-menu",
        "innerRef": undefined,
      },
      "ref": null,
      "rendered": Object {
        "instance": null,
        "key": undefined,
        "nodeType": "function",
        "props": Object {
          "children": <div
            style={
              Object {
                "display": "flex",
              }
            }
          >
            <ForwardRef(styled.button)
              left={true}
              onMouseDown={[Function]}
              onMouseUp={[Function]}
              title="Make a heading"
            >
              <Unknown />
            </ForwardRef(styled.button)>
            <ForwardRef(styled.button)
              onMouseDown={[Function]}
              onMouseUp={[Function]}
              title="Make a quote"
            >
              <Unknown />
            </ForwardRef(styled.button)>
            <ForwardRef(styled.button)
              className={null}
              onMouseDown={[Function]}
              onMouseUp={[Function]}
              script={true}
              style={
                Object {
                  "borderLeft": "4px solid #2c2c2c",
                }
              }
            >
              <Unknown />
            </ForwardRef(styled.button)>
            <ForwardRef(styled.button)
              className={null}
              onClick={[Function]}
              onMouseDown={[Function]}
              onMouseUp={[Function]}
              script={true}
            >
              <Unknown
                style={
                  Object {
                    "fontWeight": "700 !important",
                  }
                }
              />
            </ForwardRef(styled.button)>
            <ForwardRef(styled.button)
              className={null}
              onClick={[Function]}
              onMouseDown={[Function]}
              onMouseUp={[Function]}
              right={true}
              script={true}
            >
              <Unknown />
            </ForwardRef(styled.button)>
          </div>,
        },
        "ref": null,
        "rendered": Object {
          "instance": null,
          "key": undefined,
          "nodeType": "host",
          "props": Object {
            "children": Array [
              <ForwardRef(styled.button)
                left={true}
                onMouseDown={[Function]}
                onMouseUp={[Function]}
                title="Make a heading"
              >
                <Unknown />
              </ForwardRef(styled.button)>,
              <ForwardRef(styled.button)
                onMouseDown={[Function]}
                onMouseUp={[Function]}
                title="Make a quote"
              >
                <Unknown />
              </ForwardRef(styled.button)>,
              <ForwardRef(styled.button)
                className={null}
                onMouseDown={[Function]}
                onMouseUp={[Function]}
                script={true}
                style={
                  Object {
                    "borderLeft": "4px solid #2c2c2c",
                  }
                }
              >
                <Unknown />
              </ForwardRef(styled.button)>,
              <ForwardRef(styled.button)
                className={null}
                onClick={[Function]}
                onMouseDown={[Function]}
                onMouseUp={[Function]}
                script={true}
              >
                <Unknown
                  style={
                    Object {
                      "fontWeight": "700 !important",
                    }
                  }
                />
              </ForwardRef(styled.button)>,
              <ForwardRef(styled.button)
                className={null}
                onClick={[Function]}
                onMouseDown={[Function]}
                onMouseUp={[Function]}
                right={true}
                script={true}
              >
                <Unknown />
              </ForwardRef(styled.button)>,
            ],
            "style": Object {
              "display": "flex",
            },
          },
          "ref": null,
          "rendered": Array [
            Object {
              "instance": null,
              "key": undefined,
              "nodeType": "function",
              "props": Object {
                "children": <Unknown />,
                "left": true,
                "onMouseDown": [Function],
                "onMouseUp": [Function],
                "title": "Make a heading",
              },
              "ref": null,
              "rendered": Object {
                "instance": null,
                "key": undefined,
                "nodeType": "function",
                "props": Object {},
                "ref": null,
                "rendered": null,
                "type": [Function],
              },
              "type": Object {
                "$$typeof": Symbol(react.forward_ref),
                "attrs": Array [],
                "componentStyle": ComponentStyle {
                  "componentId": "sc-htpNat",
                  "isStatic": true,
                  "rules": Array [
                    "
  width: auto;
  flex-grow: 1;
",
                  ],
                },
                "displayName": "styled.button",
                "foldedComponentIds": Array [],
                "render": [Function],
                "styledComponentId": "sc-htpNat",
                "target": "button",
                "toString": [Function],
                "warnTooManyClasses": [Function],
                "withComponent": [Function],
              },
            },
            Object {
              "instance": null,
              "key": undefined,
              "nodeType": "function",
              "props": Object {
                "children": <Unknown />,
                "onMouseDown": [Function],
                "onMouseUp": [Function],
                "title": "Make a quote",
              },
              "ref": null,
              "rendered": Object {
                "instance": null,
                "key": undefined,
                "nodeType": "function",
                "props": Object {},
                "ref": null,
                "rendered": null,
                "type": [Function],
              },
              "type": Object {
                "$$typeof": Symbol(react.forward_ref),
                "attrs": Array [],
                "componentStyle": ComponentStyle {
                  "componentId": "sc-htpNat",
                  "isStatic": true,
                  "rules": Array [
                    "
  width: auto;
  flex-grow: 1;
",
                  ],
                },
                "displayName": "styled.button",
                "foldedComponentIds": Array [],
                "render": [Function],
                "styledComponentId": "sc-htpNat",
                "target": "button",
                "toString": [Function],
                "warnTooManyClasses": [Function],
                "withComponent": [Function],
              },
            },
            Object {
              "instance": null,
              "key": undefined,
              "nodeType": "function",
              "props": Object {
                "children": <Unknown />,
                "className": null,
                "onMouseDown": [Function],
                "onMouseUp": [Function],
                "script": true,
                "style": Object {
                  "borderLeft": "4px solid #2c2c2c",
                },
              },
              "ref": null,
              "rendered": Object {
                "instance": null,
                "key": undefined,
                "nodeType": "function",
                "props": Object {},
                "ref": null,
                "rendered": null,
                "type": [Function],
              },
              "type": Object {
                "$$typeof": Symbol(react.forward_ref),
                "attrs": Array [],
                "componentStyle": ComponentStyle {
                  "componentId": "sc-htpNat",
                  "isStatic": true,
                  "rules": Array [
                    "
  width: auto;
  flex-grow: 1;
",
                  ],
                },
                "displayName": "styled.button",
                "foldedComponentIds": Array [],
                "render": [Function],
                "styledComponentId": "sc-htpNat",
                "target": "button",
                "toString": [Function],
                "warnTooManyClasses": [Function],
                "withComponent": [Function],
              },
            },
            Object {
              "instance": null,
              "key": undefined,
              "nodeType": "function",
              "props": Object {
                "children": <Unknown
                  style={
                    Object {
                      "fontWeight": "700 !important",
                    }
                  }
                />,
                "className": null,
                "onClick": [Function],
                "onMouseDown": [Function],
                "onMouseUp": [Function],
                "script": true,
              },
              "ref": null,
              "rendered": Object {
                "instance": null,
                "key": undefined,
                "nodeType": "function",
                "props": Object {
                  "style": Object {
                    "fontWeight": "700 !important",
                  },
                },
                "ref": null,
                "rendered": null,
                "type": [Function],
              },
              "type": Object {
                "$$typeof": Symbol(react.forward_ref),
                "attrs": Array [],
                "componentStyle": ComponentStyle {
                  "componentId": "sc-htpNat",
                  "isStatic": true,
                  "rules": Array [
                    "
  width: auto;
  flex-grow: 1;
",
                  ],
                },
                "displayName": "styled.button",
                "foldedComponentIds": Array [],
                "render": [Function],
                "styledComponentId": "sc-htpNat",
                "target": "button",
                "toString": [Function],
                "warnTooManyClasses": [Function],
                "withComponent": [Function],
              },
            },
            Object {
              "instance": null,
              "key": undefined,
              "nodeType": "function",
              "props": Object {
                "children": <Unknown />,
                "className": null,
                "onClick": [Function],
                "onMouseDown": [Function],
                "onMouseUp": [Function],
                "right": true,
                "script": true,
              },
              "ref": null,
              "rendered": Object {
                "instance": null,
                "key": undefined,
                "nodeType": "function",
                "props": Object {},
                "ref": null,
                "rendered": null,
                "type": [Function],
              },
              "type": Object {
                "$$typeof": Symbol(react.forward_ref),
                "attrs": Array [],
                "componentStyle": ComponentStyle {
                  "componentId": "sc-htpNat",
                  "isStatic": true,
                  "rules": Array [
                    "
  width: auto;
  flex-grow: 1;
",
                  ],
                },
                "displayName": "styled.button",
                "foldedComponentIds": Array [],
                "render": [Function],
                "styledComponentId": "sc-htpNat",
                "target": "button",
                "toString": [Function],
                "warnTooManyClasses": [Function],
                "withComponent": [Function],
              },
            },
          ],
          "type": "div",
        },
        "type": Object {
          "$$typeof": Symbol(react.forward_ref),
          "attrs": Array [],
          "componentStyle": ComponentStyle {
            "componentId": "sc-bwzfXH",
            "isStatic": true,
            "rules": Array [
              "
  border-radius: 0.25em;
  overflow: hidden;
",
            ],
          },
          "displayName": "styled.div",
          "foldedComponentIds": Array [],
          "render": [Function],
          "styledComponentId": "sc-bwzfXH",
          "target": "div",
          "toString": [Function],
          "warnTooManyClasses": [Function],
          "withComponent": [Function],
        },
      },
      "type": Object {
        "$$typeof": Symbol(react.forward_ref),
        "attrs": Array [],
        "componentStyle": ComponentStyle {
          "componentId": "sc-bdVaJa",
          "isStatic": false,
          "rules": Array [
            "
  display: none;
  position: absolute;
  bottom: initial !important;
  z-index: 11;
  line-height: 1em;

  color: ",
            [Function],
            ";

  button {
    ",
            "
  outline: 0;
  background: ",
            [Function],
            ";
  border: none;
  color: ",
            [Function],
            ";
  font-size: 1em;
  padding: 0.05em 0.5em;
  font-family: inherit;
  cursor: pointer;
  &.active,
  &:active {
    background: ",
            [Function],
            ";
  }
",
            "
  }

  &.touch {
    margin-top: -65px;
    &::after {
      content: \\"\\";
      position: absolute;
      display: block;
      height: 57px;
      margin-left: calc(3.7em - 1px);
      margin-top: 2px;
      border: 1px dashed ",
            [Function],
            ";
      z-index: -1;
    }
  }
",
          ],
        },
        "displayName": "styled.div",
        "foldedComponentIds": Array [],
        "render": [Function],
        "styledComponentId": "sc-bdVaJa",
        "target": "div",
        "toString": [Function],
        "warnTooManyClasses": [Function],
        "withComponent": [Function],
      },
    },
  ],
  Symbol(enzyme.__options__): Object {
    "adapter": ReactSixteenAdapter {
      "options": Object {
        "enableComponentDidUpdateOnSetState": true,
        "legacyContextMode": "parent",
        "lifecycles": Object {
          "componentDidUpdate": Object {
            "onSetState": true,
          },
          "getChildContext": Object {
            "calledByRenderer": false,
          },
          "getDerivedStateFromError": true,
          "getDerivedStateFromProps": Object {
            "hasShouldComponentUpdateBug": false,
          },
          "getSnapshotBeforeUpdate": true,
          "setState": Object {
            "skipsComponentDidUpdateOnNullish": true,
          },
        },
      },
    },
  },
}
`;
