// Jest Snapshot v1, https://goo.gl/fbAQLP

exports[`Render Reader without crashing, matches snapshot 1`] = `
ShallowWrapper {
  Symbol(enzyme.__root__): [Circular],
  Symbol(enzyme.__unrendered__): <Reader
    value={
      Object {
        "document": Object {
          "nodes": Array [
            Object {
              "nodes": Array [
                Object {
                  "leaves": Array [
                    Object {
                      "text": "",
                    },
                  ],
                  "object": "text",
                },
              ],
              "object": "block",
              "type": "paragraph",
            },
          ],
        },
      }
    }
  />,
  Symbol(enzyme.__renderer__): Object {
    "batchedUpdates": [Function],
    "getNode": [Function],
    "render": [Function],
    "simulateEvent": [Function],
    "unmount": [Function],
  },
  Symbol(enzyme.__node__): Object {
    "instance": null,
    "key": undefined,
    "nodeType": "class",
    "props": Object {
      "autoCorrect": true,
      "autoFocus": false,
      "components": undefined,
      "onChange": [Function],
      "options": Object {
        "domain": "",
        "imagePlaceholder": "data:image/gif;base64,R0lGODlhAQABAIAAAAAAAP///yH5BAEAAAAALAAAAAABAAEAAAIBRAA7",
      },
      "plugins": Array [],
      "readOnly": true,
      "renderMark": [Function],
      "renderNode": [Function],
      "schema": Object {
        "blocks": Object {
          "divider": Object {
            "isVoid": true,
          },
          "docket": Object {
            "isVoid": true,
          },
          "image": Object {
            "data": Object {
              "src": [Function],
            },
            "isVoid": true,
          },
          "link": Object {
            "nodes": Array [
              Object {
                "objects": Array [
                  "text",
                ],
              },
            ],
          },
        },
        "document": Object {
          "last": Object {
            "types": Array [
              "paragraph",
            ],
          },
          "nodes": Array [
            Object {
              "types": Array [
                "paragraph",
                "heading",
                "divider",
                "quote",
                "image",
                "docket",
                "link",
              ],
            },
          ],
          "normalize": [Function],
        },
        "inlines": Object {
          "heading": Object {
            "nodes": Array [
              Object {
                "types": Array [
                  "text",
                ],
              },
            ],
          },
          "paragraph": Object {
            "nodes": Array [
              Object {
                "types": Array [
                  "text",
                  "link",
                ],
              },
            ],
          },
          "quote": Object {
            "nodes": Array [
              Object {
                "types": Array [
                  "text",
                ],
              },
            ],
          },
        },
      },
      "spellCheck": true,
      "value": Immutable.Record {
        "data": Immutable.Map {},
        "decorations": null,
        "document": Immutable.Record {
          "data": Immutable.Map {},
          "key": "1",
          "nodes": Immutable.List [
            Immutable.Record {
              "data": Immutable.Map {},
              "isVoid": false,
              "key": "2",
              "nodes": Immutable.List [
                Immutable.Record {
                  "leaves": Immutable.List [
                    Immutable.Record {
                      "marks": Immutable.Set [],
                      "text": "",
                    },
                  ],
                  "key": "3",
                },
              ],
              "type": "paragraph",
            },
          ],
        },
        "history": Immutable.Record {
          "redos": Immutable.Stack [],
          "undos": Immutable.Stack [],
        },
        "schema": Immutable.Record {
          "stack": Immutable.Record {
            "plugins": Array [
              Object {
                "validateNode": [Function],
              },
              Object {
                "validateNode": [Function],
              },
              Object {
                "validateNode": [Function],
              },
              Object {
                "validateNode": [Function],
              },
              Object {
                "validateNode": [Function],
              },
              Object {
                "validateNode": [Function],
              },
              Object {
                "validateNode": [Function],
              },
              Object {
                "validateNode": [Function],
              },
              Object {
                "schema": Object {},
              },
            ],
          },
          "document": Object {
            "data": Object {},
            "nodes": null,
          },
          "blocks": Object {},
          "inlines": Object {},
        },
        "selection": Immutable.Record {
          "anchorKey": "3",
          "anchorOffset": 0,
          "focusKey": "3",
          "focusOffset": 0,
          "isBackward": false,
          "isFocused": false,
          "marks": null,
          "isAtomic": false,
        },
      },
    },
    "ref": null,
    "rendered": null,
    "type": [Function],
  },
  Symbol(enzyme.__nodes__): Array [
    Object {
      "instance": null,
      "key": undefined,
      "nodeType": "class",
      "props": Object {
        "autoCorrect": true,
        "autoFocus": false,
        "components": undefined,
        "onChange": [Function],
        "options": Object {
          "domain": "",
          "imagePlaceholder": "data:image/gif;base64,R0lGODlhAQABAIAAAAAAAP///yH5BAEAAAAALAAAAAABAAEAAAIBRAA7",
        },
        "plugins": Array [],
        "readOnly": true,
        "renderMark": [Function],
        "renderNode": [Function],
        "schema": Object {
          "blocks": Object {
            "divider": Object {
              "isVoid": true,
            },
            "docket": Object {
              "isVoid": true,
            },
            "image": Object {
              "data": Object {
                "src": [Function],
              },
              "isVoid": true,
            },
            "link": Object {
              "nodes": Array [
                Object {
                  "objects": Array [
                    "text",
                  ],
                },
              ],
            },
          },
          "document": Object {
            "last": Object {
              "types": Array [
                "paragraph",
              ],
            },
            "nodes": Array [
              Object {
                "types": Array [
                  "paragraph",
                  "heading",
                  "divider",
                  "quote",
                  "image",
                  "docket",
                  "link",
                ],
              },
            ],
            "normalize": [Function],
          },
          "inlines": Object {
            "heading": Object {
              "nodes": Array [
                Object {
                  "types": Array [
                    "text",
                  ],
                },
              ],
            },
            "paragraph": Object {
              "nodes": Array [
                Object {
                  "types": Array [
                    "text",
                    "link",
                  ],
                },
              ],
            },
            "quote": Object {
              "nodes": Array [
                Object {
                  "types": Array [
                    "text",
                  ],
                },
              ],
            },
          },
        },
        "spellCheck": true,
        "value": Immutable.Record {
          "data": Immutable.Map {},
          "decorations": null,
          "document": Immutable.Record {
            "data": Immutable.Map {},
            "key": "1",
            "nodes": Immutable.List [
              Immutable.Record {
                "data": Immutable.Map {},
                "isVoid": false,
                "key": "2",
                "nodes": Immutable.List [
                  Immutable.Record {
                    "leaves": Immutable.List [
                      Immutable.Record {
                        "marks": Immutable.Set [],
                        "text": "",
                      },
                    ],
                    "key": "3",
                  },
                ],
                "type": "paragraph",
              },
            ],
          },
          "history": Immutable.Record {
            "redos": Immutable.Stack [],
            "undos": Immutable.Stack [],
          },
          "schema": Immutable.Record {
            "stack": Immutable.Record {
              "plugins": Array [
                Object {
                  "validateNode": [Function],
                },
                Object {
                  "validateNode": [Function],
                },
                Object {
                  "validateNode": [Function],
                },
                Object {
                  "validateNode": [Function],
                },
                Object {
                  "validateNode": [Function],
                },
                Object {
                  "validateNode": [Function],
                },
                Object {
                  "validateNode": [Function],
                },
                Object {
                  "validateNode": [Function],
                },
                Object {
                  "schema": Object {},
                },
              ],
            },
            "document": Object {
              "data": Object {},
              "nodes": null,
            },
            "blocks": Object {},
            "inlines": Object {},
          },
          "selection": Immutable.Record {
            "anchorKey": "3",
            "anchorOffset": 0,
            "focusKey": "3",
            "focusOffset": 0,
            "isBackward": false,
            "isFocused": false,
            "marks": null,
            "isAtomic": false,
          },
        },
      },
      "ref": null,
      "rendered": null,
      "type": [Function],
    },
  ],
  Symbol(enzyme.__options__): Object {
    "adapter": ReactSixteenAdapter {
      "options": Object {
        "enableComponentDidUpdateOnSetState": true,
        "lifecycles": Object {
          "componentDidUpdate": Object {
            "onSetState": true,
          },
          "getSnapshotBeforeUpdate": true,
        },
      },
    },
    "attachTo": undefined,
    "hydrateIn": undefined,
  },
}
`;
